[Uint64(1782829567164457621)] [INFO] === Engine Started / Diagnostics Initialized ===
[Uint64(1782829614814747190)] [INFO] --- PERFORMANCE PROFILE REPORT ---

[Uint64(1782829614814887946)] [INFO] Zone: Input Handling | Runs: 453 | Last: 0.221179ms | Avg: 0.125119ms | Min: 0.053996ms | Max: 0.846894ms
[Uint64(1782829614814978919)] [INFO] Zone: Physics Simulation | Runs: 453 | Last: 0.395746ms | Avg: 5.19358ms | Min: 0.000538ms | Max: 24.1616ms
[Uint64(1782829614815044620)] [INFO] Zone: ECS Lifecycle | Runs: 453 | Last: 0.036896ms | Avg: 0.03092ms | Min: 0.01119ms | Max: 0.093665ms
[Uint64(1782829614815105029)] [INFO] Zone: Field DB Sync | Runs: 453 | Last: 0.077238ms | Avg: 0.10179ms | Min: 0.026935ms | Max: 2.11539ms
[Uint64(1782829614815168887)] [INFO] Zone: Render Submit & Sync | Runs: 453 | Last: 2.89322ms | Avg: 75.1385ms | Min: 1.60453ms | Max: 13214.5ms
[Uint64(1782829614815230872)] [INFO] Zone: Total Frame Time | Runs: 453 | Last: 3.65083ms | Avg: 80.6063ms | Min: 2.56887ms | Max: 13214.7ms
[Uint64(1782829614815277387)] [INFO] ----------------------------------

[Uint64(1782829654628784725)] [INFO] --- PERFORMANCE PROFILE REPORT ---

[Uint64(1782829654628933833)] [INFO] Zone: Input Handling | Runs: 963 | Last: 0.203337ms | Avg: 0.168875ms | Min: 0.050335ms | Max: 1.49922ms
[Uint64(1782829654629021416)] [INFO] Zone: Physics Simulation | Runs: 963 | Last: 0.338717ms | Avg: 2.94456ms | Min: 0.000248ms | Max: 24.1616ms
[Uint64(1782829654629186590)] [INFO] Zone: ECS Lifecycle | Runs: 963 | Last: 0.032767ms | Avg: 0.031859ms | Min: 0.009945ms | Max: 0.093665ms
[Uint64(1782829654629253358)] [INFO] Zone: Field DB Sync | Runs: 963 | Last: 0.069422ms | Avg: 0.083858ms | Min: 0.020425ms | Max: 2.11539ms
[Uint64(1782829654629327281)] [INFO] Zone: Render Submit & Sync | Runs: 963 | Last: 2.70377ms | Avg: 48.3041ms | Min: 0.887564ms | Max: 13214.5ms
[Uint64(1782829654629390075)] [INFO] Zone: Total Frame Time | Runs: 963 | Last: 3.3969ms | Avg: 51.5539ms | Min: 1.08505ms | Max: 13214.7ms
[Uint64(1782829654629436698)] [INFO] ----------------------------------

[Uint64(1782829728667683396)] [INFO] --- PERFORMANCE PROFILE REPORT ---

[Uint64(1782829728667823727)] [INFO] Zone: Input Handling | Runs: 1928 | Last: 0.234231ms | Avg: 0.192192ms | Min: 0.050335ms | Max: 5.04122ms
[Uint64(1782829728667907135)] [INFO] Zone: Physics Simulation | Runs: 1928 | Last: 1.37023ms | Avg: 1.93887ms | Min: 0.000248ms | Max: 24.1616ms
[Uint64(1782829728667973767)] [INFO] Zone: ECS Lifecycle | Runs: 1928 | Last: 0.034554ms | Avg: 0.032487ms | Min: 0.009945ms | Max: 0.144112ms
[Uint64(1782829728668036014)] [INFO] Zone: Field DB Sync | Runs: 1928 | Last: 0.069161ms | Avg: 0.076061ms | Min: 0.020425ms | Max: 2.11539ms
[Uint64(1782829728668107247)] [INFO] Zone: Render Submit & Sync | Runs: 1928 | Last: 2.85285ms | Avg: 27.5744ms | Min: 0.887564ms | Max: 13214.5ms
[Uint64(1782829728668173388)] [INFO] Zone: Total Frame Time | Runs: 1928 | Last: 4.58501ms | Avg: 29.8364ms | Min: 1.08505ms | Max: 13214.7ms
[Uint64(1782829728668231055)] [INFO] ----------------------------------

[Uint64(1782829729975406229)] [INFO] --- PERFORMANCE PROFILE REPORT ---

[Uint64(1782829729975535606)] [INFO] Zone: Input Handling | Runs: 1949 | Last: 0.203684ms | Avg: 0.192744ms | Min: 0.050335ms | Max: 5.04122ms
[Uint64(1782829729975650246)] [INFO] Zone: Physics Simulation | Runs: 1949 | Last: 1.21934ms | Avg: 1.93064ms | Min: 0.000248ms | Max: 24.1616ms
[Uint64(1782829729975716652)] [INFO] Zone: ECS Lifecycle | Runs: 1949 | Last: 0.052542ms | Avg: 0.032525ms | Min: 0.009945ms | Max: 0.144112ms
[Uint64(1782829729975778788)] [INFO] Zone: Field DB Sync | Runs: 1949 | Last: 0.070273ms | Avg: 0.076014ms | Min: 0.020425ms | Max: 2.11539ms
[Uint64(1782829729975843958)] [INFO] Zone: Render Submit & Sync | Runs: 1949 | Last: 2.67887ms | Avg: 27.3071ms | Min: 0.887564ms | Max: 13214.5ms
[Uint64(1782829729975908620)] [INFO] Zone: Total Frame Time | Runs: 1949 | Last: 4.25063ms | Avg: 29.5614ms | Min: 1.08505ms | Max: 13214.7ms
[Uint64(1782829729975959710)] [INFO] ----------------------------------

[Uint64(1782829731630943099)] [INFO] --- PERFORMANCE PROFILE REPORT ---

[Uint64(1782829731631066392)] [INFO] Zone: Input Handling | Runs: 1974 | Last: 0.188436ms | Avg: 0.19311ms | Min: 0.050335ms | Max: 5.04122ms
[Uint64(1782829731631153928)] [INFO] Zone: Physics Simulation | Runs: 1974 | Last: 0.967983ms | Avg: 1.9204ms | Min: 0.000248ms | Max: 24.1616ms
[Uint64(1782829731631217540)] [INFO] Zone: ECS Lifecycle | Runs: 1974 | Last: 0.033961ms | Avg: 0.032526ms | Min: 0.009945ms | Max: 0.144112ms
[Uint64(1782829731631275464)] [INFO] Zone: Field DB Sync | Runs: 1974 | Last: 0.067267ms | Avg: 0.075906ms | Min: 0.020425ms | Max: 2.11539ms
[Uint64(1782829731631336209)] [INFO] Zone: Render Submit & Sync | Runs: 1974 | Last: 2.83478ms | Avg: 26.9952ms | Min: 0.887564ms | Max: 13214.5ms
[Uint64(1782829731631395701)] [INFO] Zone: Total Frame Time | Runs: 1974 | Last: 4.11461ms | Avg: 29.2396ms | Min: 1.08505ms | Max: 13214.7ms
[Uint64(1782829731631440042)] [INFO] ----------------------------------

[Uint64(1782829968167656050)] [INFO] === Engine Started / Diagnostics Initialized ===
[Uint64(1782830021036539788)] [INFO] --- PERFORMANCE PROFILE REPORT ---

[Uint64(1782830021036668067)] [INFO] Zone: Input Handling | Runs: 263 | Last: 0.246282ms | Avg: 0.188157ms | Min: 0.052579ms | Max: 4.10283ms
[Uint64(1782830021036706683)] [INFO] Zone: Physics Simulation | Runs: 263 | Last: 9.23561ms | Avg: 12.4233ms | Min: 0.000487ms | Max: 28.9241ms
[Uint64(1782830021036726672)] [INFO] Zone: ECS Lifecycle | Runs: 263 | Last: 0.054671ms | Avg: 0.05359ms | Min: 0.018212ms | Max: 0.11982ms
[Uint64(1782830021036756189)] [INFO] Zone: Field DB Sync | Runs: 263 | Last: 0.159864ms | Avg: 0.188624ms | Min: 0.054966ms | Max: 0.374797ms
[Uint64(1782830021036800462)] [INFO] Zone: Sync: Pack Uniforms | Runs: 263 | Last: 0.003298ms | Avg: 0.002288ms | Min: 0.000715ms | Max: 0.023635ms
[Uint64(1782830021036817700)] [INFO] Zone: Sync: Pack CSG Instances | Runs: 263 | Last: 0.01399ms | Avg: 0.01489ms | Min: 0.004845ms | Max: 0.076836ms
[Uint64(1782830021036836618)] [INFO] Zone: Sync: Update Voxel Chunks | Runs: 263 | Last: 53.7257ms | Avg: 66.2352ms | Min: 1.37546ms | Max: 329.245ms
[Uint64(1782830021036857025)] [INFO] Zone: Sync: Build Chunk Lookup | Runs: 263 | Last: 0.665369ms | Avg: 0.892253ms | Min: 0.654351ms | Max: 2.84324ms
[Uint64(1782830021036876432)] [INFO] Zone: Sync: Bake Voxels | Runs: 263 | Last: 0.000331ms | Avg: 61.7956ms | Min: 0.0001ms | Max: 13496.5ms
[Uint64(1782830021036893334)] [INFO] Zone: Sync: Flatten Spatial Grid | Runs: 263 | Last: 0.426401ms | Avg: 0.584713ms | Min: 0.414364ms | Max: 1.8805ms
[Uint64(1782830021036913744)] [INFO] Zone: Render Submit & Sync | Runs: 263 | Last: 55.3728ms | Avg: 129.957ms | Min: 2.74389ms | Max: 13514.9ms
[Uint64(1782830021036946545)] [INFO] Zone: Total Frame Time | Runs: 263 | Last: 65.0957ms | Avg: 142.83ms | Min: 7.33294ms | Max: 13515.1ms
[Uint64(1782830021036960985)] [INFO] ----------------------------------

[Uint64(1782830122270863294)] [INFO] === Engine Started / Diagnostics Initialized ===
[Uint64(1782830141169028203)] [INFO] --- PERFORMANCE PROFILE REPORT ---

[Uint64(1782830141169091838)] [INFO] Zone: Input Handling | Runs: 96 | Last: 0.212575ms | Avg: 0.217112ms | Min: 0.054441ms | Max: 1.89289ms
[Uint64(1782830141169124112)] [INFO] Zone: Physics Simulation | Runs: 96 | Last: 18.4843ms | Avg: 12.4785ms | Min: 0.000459ms | Max: 22.3313ms
[Uint64(1782830141169148660)] [INFO] Zone: ECS Lifecycle | Runs: 96 | Last: 0.094725ms | Avg: 0.06971ms | Min: 0.023666ms | Max: 0.138012ms
[Uint64(1782830141169171505)] [INFO] Zone: Field DB Sync | Runs: 96 | Last: 0.35995ms | Avg: 0.250427ms | Min: 0.089983ms | Max: 0.390718ms
[Uint64(1782830141169194244)] [INFO] Zone: Sync: Pack Uniforms | Runs: 96 | Last: 0.003494ms | Avg: 0.002869ms | Min: 0.000949ms | Max: 0.005233ms
[Uint64(1782830141169216528)] [INFO] Zone: Sync: Pack CSG Instances | Runs: 96 | Last: 0.023662ms | Avg: 0.017408ms | Min: 0.005858ms | Max: 0.067782ms
[Uint64(1782830141169241422)] [INFO] Zone: Sync: Update Voxel Chunks | Runs: 96 | Last: 41.6258ms | Avg: 25.319ms | Min: 0.899977ms | Max: 248.392ms
[Uint64(1782830141169273296)] [INFO] Zone: Sync: Build Chunk Lookup | Runs: 96 | Last: 0.662105ms | Avg: 1.61368ms | Min: 0.662105ms | Max: 2.8765ms
[Uint64(1782830141169297969)] [INFO] Zone: Sync: Bake Voxels | Runs: 96 | Last: 0.000437ms | Avg: 38.9409ms | Min: 0.000136ms | Max: 2424.97ms
[Uint64(1782830141169319593)] [INFO] Zone: Sync: Flatten Spatial Grid | Runs: 96 | Last: 0.540992ms | Avg: 1.04584ms | Min: 0.414606ms | Max: 3.56971ms
[Uint64(1782830141169343361)] [INFO] Zone: Render Submit & Sync | Runs: 96 | Last: 43.596ms | Avg: 67.5062ms | Min: 2.27485ms | Max: 2444.7ms
[Uint64(1782830141169366594)] [INFO] Zone: Total Frame Time | Runs: 96 | Last: 62.774ms | Avg: 80.5457ms | Min: 3.61537ms | Max: 2444.9ms
[Uint64(1782830141169384110)] [INFO] ----------------------------------

[Uint64(1782830288836503577)] [INFO] === Engine Started / Diagnostics Initialized ===
[Uint64(1782830330368644587)] [INFO] --- PERFORMANCE PROFILE REPORT ---

[Uint64(1782830330368786134)] [INFO] Zone: Input Handling | Runs: 282 | Last: 0.212034ms | Avg: 0.248608ms | Min: 0.064504ms | Max: 3.42001ms
[Uint64(1782830330368871885)] [INFO] Zone: Physics Simulation | Runs: 282 | Last: 11.5274ms | Avg: 13.9703ms | Min: 0.000487ms | Max: 32.9337ms
[Uint64(1782830330368939331)] [INFO] Zone: ECS Lifecycle | Runs: 282 | Last: 0.077489ms | Avg: 0.07583ms | Min: 0.0231ms | Max: 0.121095ms
[Uint64(1782830330369002590)] [INFO] Zone: Field DB Sync | Runs: 282 | Last: 0.233834ms | Avg: 0.274912ms | Min: 0.08675ms | Max: 3.26166ms
[Uint64(1782830330369064975)] [INFO] Zone: Sync: Pack Uniforms | Runs: 282 | Last: 0.003712ms | Avg: 0.002962ms | Min: 0.000855ms | Max: 0.014889ms
[Uint64(1782830330369127656)] [INFO] Zone: Sync: Pack CSG Instances | Runs: 282 | Last: 0.018235ms | Avg: 0.020232ms | Min: 0.005994ms | Max: 0.066096ms
[Uint64(1782830330369194716)] [INFO] Zone: Sync: Update Voxel Chunks | Runs: 282 | Last: 0.000603ms | Avg: 9.80853ms | Min: 0.000167ms | Max: 275.565ms
[Uint64(1782830330369262868)] [INFO] Zone: Sync: Build Chunk Lookup | Runs: 282 | Last: 2.66979ms | Avg: 2.06814ms | Min: 0.651383ms | Max: 2.77181ms
[Uint64(1782830330369329338)] [INFO] Zone: Sync: Bake Voxels | Runs: 282 | Last: 0.000628ms | Avg: 15.2311ms | Min: 9.5e-05ms | Max: 2463.78ms
[Uint64(1782830330369390520)] [INFO] Zone: Sync: Flatten Spatial Grid | Runs: 282 | Last: 1.7359ms | Avg: 1.3226ms | Min: 0.427566ms | Max: 2.26137ms
[Uint64(1782830330369455195)] [INFO] Zone: Render Submit & Sync | Runs: 282 | Last: 5.05784ms | Avg: 29.0564ms | Min: 1.64675ms | Max: 2487.83ms
[Uint64(1782830330369521450)] [INFO] Zone: Total Frame Time | Runs: 282 | Last: 17.1424ms | Avg: 43.6532ms | Min: 5.52535ms | Max: 2488.03ms
[Uint64(1782830330369590675)] [INFO] ----------------------------------

[Uint64(1782830991208270618)] [INFO] === Engine Started / Diagnostics Initialized ===
[Uint64(1782831052536267022)] [INFO] --- PERFORMANCE PROFILE REPORT ---

[Uint64(1782831052536395595)] [INFO] Zone: Input Handling | Runs: 420 | Last: 0.201183ms | Avg: 0.22511ms | Min: 0.05281ms | Max: 1.41416ms
[Uint64(1782831052536483554)] [INFO] Zone: Physics Simulation | Runs: 420 | Last: 2.40068ms | Avg: 12.0986ms | Min: 0.000824ms | Max: 31.3683ms
[Uint64(1782831052536552273)] [INFO] Zone: ECS Lifecycle | Runs: 420 | Last: 0.040196ms | Avg: 0.063222ms | Min: 0.01326ms | Max: 0.12249ms
[Uint64(1782831052536642210)] [INFO] Zone: Field DB Sync | Runs: 420 | Last: 0.089476ms | Avg: 0.208477ms | Min: 0.029206ms | Max: 0.516739ms
[Uint64(1782831052536705279)] [INFO] Zone: Sync: Pack Uniforms | Runs: 420 | Last: 0.002377ms | Avg: 0.002146ms | Min: 0.000606ms | Max: 0.015538ms
[Uint64(1782831052536767143)] [INFO] Zone: Sync: Pack CSG Instances | Runs: 420 | Last: 0.010388ms | Avg: 0.017224ms | Min: 0.003553ms | Max: 0.078657ms
[Uint64(1782831052536833880)] [INFO] Zone: Sync: Update Voxel Chunks | Runs: 420 | Last: 5.92249ms | Avg: 23.8973ms | Min: 1.48039ms | Max: 500.562ms
[Uint64(1782831052536897365)] [INFO] Zone: Sync: Build Chunk Lookup | Runs: 420 | Last: 2.65678ms | Avg: 1.8818ms | Min: 0.668636ms | Max: 5.74369ms
[Uint64(1782831052536985260)] [INFO] Zone: Sync: Bake Voxels | Runs: 420 | Last: 0.000645ms | Avg: 24.6362ms | Min: 9.7e-05ms | Max: 2461.11ms
[Uint64(1782831052537048383)] [INFO] Zone: Sync: Flatten Spatial Grid | Runs: 420 | Last: 1.69416ms | Avg: 1.23914ms | Min: 0.415939ms | Max: 4.66987ms
[Uint64(1782831052537112365)] [INFO] Zone: Render Submit & Sync | Runs: 420 | Last: 10.7758ms | Avg: 52.2137ms | Min: 2.80503ms | Max: 2483.09ms
[Uint64(1782831052537178091)] [INFO] Zone: Total Frame Time | Runs: 420 | Last: 13.5352ms | Avg: 64.8358ms | Min: 4.70205ms | Max: 2483.29ms
[Uint64(1782831052537236981)] [INFO] Zone: Phys: Forces & Integrator | Runs: 1612 | Last: 0.103695ms | Avg: 0.61116ms | Min: 0.034552ms | Max: 4.19381ms
[Uint64(1782831052537294576)] [INFO] Zone: Phys: Spatial Grid Rebuild | Runs: 1612 | Last: 0.119349ms | Avg: 0.186742ms | Min: 0.038919ms | Max: 3.1031ms
[Uint64(1782831052537351215)] [INFO] Zone: Phys: Collision Detection | Runs: 1612 | Last: 0.179469ms | Avg: 2.23858ms | Min: 0.064299ms | Max: 7.05592ms
[Uint64(1782831052537408374)] [INFO] Zone: Phys: Constraint Solver | Runs: 1612 | Last: 0.154927ms | Avg: 0.097954ms | Min: 0.00019ms | Max: 3.16312ms
[Uint64(1782831052537473420)] [INFO] Zone: Bake: Carve CPU | Runs: 214 | Last: 0.641592ms | Avg: 0.732073ms | Min: 0.040956ms | Max: 2.20756ms
[Uint64(1782831052537534295)] [INFO] Zone: Bake: Compute Lighting | Runs: 82 | Last: 13.0993ms | Avg: 9.60515ms | Min: 3.85005ms | Max: 17.7092ms
[Uint64(1782831052537609946)] [INFO] Zone: Bake: GPU Upload | Runs: 82 | Last: 0.11909ms | Avg: 0.085245ms | Min: 0.041294ms | Max: 0.158457ms
[Uint64(1782831052537679775)] [INFO] Zone: Bake: Pack & Copy | Runs: 82 | Last: 0.707568ms | Avg: 84.4864ms | Min: 0.437608ms | Max: 223.705ms
[Uint64(1782831052537728064)] [INFO] ----------------------------------

[Uint64(1782831185074977731)] [INFO] === Engine Started / Diagnostics Initialized ===
[Uint64(1782831207730981478)] [INFO] --- PERFORMANCE PROFILE REPORT ---

[Uint64(1782831207731110541)] [INFO] Zone: Input Handling | Runs: 150 | Last: 0.214032ms | Avg: 0.230175ms | Min: 0.064004ms | Max: 1.49115ms
[Uint64(1782831207731198335)] [INFO] Zone: Physics Simulation | Runs: 150 | Last: 19.6219ms | Avg: 15.8955ms | Min: 0.000561ms | Max: 26.9788ms
[Uint64(1782831207731266689)] [INFO] Zone: ECS Lifecycle | Runs: 150 | Last: 0.089939ms | Avg: 0.080974ms | Min: 0.028144ms | Max: 0.125556ms
[Uint64(1782831207731331912)] [INFO] Zone: Field DB Sync | Runs: 150 | Last: 0.353281ms | Avg: 0.303855ms | Min: 0.096116ms | Max: 0.396498ms
[Uint64(1782831207731394219)] [INFO] Zone: Sync: Pack Uniforms | Runs: 150 | Last: 0.002595ms | Avg: 0.002245ms | Min: 0.000721ms | Max: 0.003448ms
[Uint64(1782831207731457936)] [INFO] Zone: Sync: Pack CSG Instances | Runs: 150 | Last: 0.023527ms | Avg: 0.022098ms | Min: 0.007466ms | Max: 0.069505ms
[Uint64(1782831207731524265)] [INFO] Zone: Sync: Update Voxel Chunks | Runs: 150 | Last: 0.00045ms | Avg: 6.30912ms | Min: 0.000157ms | Max: 38.1588ms
[Uint64(1782831207731616737)] [INFO] Zone: Sync: Build Chunk Lookup | Runs: 150 | Last: 2.65304ms | Avg: 1.99835ms | Min: 0.72525ms | Max: 2.90888ms
[Uint64(1782831207731687439)] [INFO] Zone: Sync: Bake Voxels | Runs: 150 | Last: 0.000665ms | Avg: 16.5147ms | Min: 0.000171ms | Max: 2414.4ms
[Uint64(1782831207731749767)] [INFO] Zone: Sync: Flatten Spatial Grid | Runs: 150 | Last: 1.7085ms | Avg: 1.28732ms | Min: 0.453308ms | Max: 3.58996ms
[Uint64(1782831207731817311)] [INFO] Zone: Render Submit & Sync | Runs: 150 | Last: 5.0901ms | Avg: 26.7617ms | Min: 1.69228ms | Max: 2434.05ms
[Uint64(1782831207731884528)] [INFO] Zone: Total Frame Time | Runs: 150 | Last: 25.4164ms | Avg: 43.2995ms | Min: 4.92845ms | Max: 2434.26ms
[Uint64(1782831207731953949)] [INFO] Zone: Phys: Forces & Integrator | Runs: 578 | Last: 0.852025ms | Avg: 1.2052ms | Min: 0.089165ms | Max: 5.86135ms
[Uint64(1782831207732016507)] [INFO] Zone: Phys: Spatial Grid Rebuild | Runs: 578 | Last: 0.24499ms | Avg: 0.240205ms | Min: 0.082552ms | Max: 0.884505ms
[Uint64(1782831207732100444)] [INFO] Zone: Phys: Collision Detection | Runs: 578 | Last: 3.74552ms | Avg: 2.63109ms | Min: 0.594728ms | Max: 6.36353ms
[Uint64(1782831207732167989)] [INFO] Zone: Phys: Constraint Solver | Runs: 578 | Last: 0.000816ms | Avg: 0.031423ms | Min: 0.000211ms | Max: 1.31416ms
[Uint64(1782831207732226924)] [INFO] Zone: Bake: Carve CPU | Runs: 21 | Last: 0.188196ms | Avg: 0.669014ms | Min: 0.117649ms | Max: 1.39005ms
[Uint64(1782831207732287236)] [INFO] Zone: Bake: Compute Lighting | Runs: 6 | Last: 7.84743ms | Avg: 7.62722ms | Min: 4.84743ms | Max: 10.064ms
[Uint64(1782831207732344649)] [INFO] Zone: Bake: GPU Upload | Runs: 6 | Last: 0.041521ms | Avg: 0.053452ms | Min: 0.033439ms | Max: 0.073399ms
[Uint64(1782831207732401306)] [INFO] Zone: Bake: Pack & Copy | Runs: 6 | Last: 0.176507ms | Avg: 0.38829ms | Min: 0.176507ms | Max: 0.815823ms
[Uint64(1782831207732446901)] [INFO] ----------------------------------

[Uint64(1782831321767539529)] [INFO] === Engine Started / Diagnostics Initialized ===
[Uint64(1782831390742265911)] [INFO] --- PERFORMANCE PROFILE REPORT ---

[Uint64(1782831390742402783)] [INFO] Zone: Input Handling | Runs: 464 | Last: 0.231645ms | Avg: 0.222258ms | Min: 0.052763ms | Max: 1.22667ms
[Uint64(1782831390742713477)] [INFO] Zone: Physics Simulation | Runs: 464 | Last: 8.94815ms | Avg: 10.6797ms | Min: 0.000529ms | Max: 21.2206ms
[Uint64(1782831390742860774)] [INFO] Zone: ECS Lifecycle | Runs: 464 | Last: 0.058472ms | Avg: 0.063435ms | Min: 0.019018ms | Max: 0.16248ms
[Uint64(1782831390742965036)] [INFO] Zone: Field DB Sync | Runs: 464 | Last: 0.165991ms | Avg: 0.214885ms | Min: 0.057156ms | Max: 0.407542ms
[Uint64(1782831390743069373)] [INFO] Zone: Sync: Pack Uniforms | Runs: 464 | Last: 0.002975ms | Avg: 0.002201ms | Min: 0.000579ms | Max: 0.030574ms
[Uint64(1782831390743145908)] [INFO] Zone: Sync: Pack CSG Instances | Runs: 464 | Last: 0.014909ms | Avg: 0.017608ms | Min: 0.005024ms | Max: 0.077763ms
[Uint64(1782831390743215478)] [INFO] Zone: Sync: Update Voxel Chunks | Runs: 464 | Last: 0.000498ms | Avg: 9.49917ms | Min: 0.000143ms | Max: 52.3896ms
[Uint64(1782831390743279120)] [INFO] Zone: Sync: Build Chunk Lookup | Runs: 464 | Last: 2.67166ms | Avg: 1.86808ms | Min: 0.65286ms | Max: 3.92007ms
[Uint64(1782831390743345167)] [INFO] Zone: Sync: Bake Voxels | Runs: 464 | Last: 0.000612ms | Avg: 5.73573ms | Min: 0.000102ms | Max: 2381.71ms
[Uint64(1782831390743408730)] [INFO] Zone: Sync: Flatten Spatial Grid | Runs: 464 | Last: 1.71369ms | Avg: 1.14017ms | Min: 0.417629ms | Max: 3.56407ms
[Uint64(1782831390743476406)] [INFO] Zone: Render Submit & Sync | Runs: 464 | Last: 4.95106ms | Avg: 18.787ms | Min: 1.62414ms | Max: 2408.84ms
[Uint64(1782831390743544803)] [INFO] Zone: Total Frame Time | Runs: 464 | Last: 14.3858ms | Avg: 29.9932ms | Min: 4.55053ms | Max: 2409.04ms
[Uint64(1782831390743632647)] [INFO] Zone: Phys: Forces & Integrator | Runs: 1802 | Last: 0.216878ms | Avg: 0.613043ms | Min: 0.065885ms | Max: 4.56947ms
[Uint64(1782831390743702538)] [INFO] Zone: Phys: Spatial Grid Rebuild | Runs: 1802 | Last: 0.169637ms | Avg: 0.191973ms | Min: 0.053725ms | Max: 3.13753ms
[Uint64(1782831390743771049)] [INFO] Zone: Phys: Collision Detection | Runs: 1802 | Last: 0.855172ms | Avg: 1.63877ms | Min: 0.272514ms | Max: 5.69639ms
[Uint64(1782831390743834686)] [INFO] Zone: Phys: Constraint Solver | Runs: 1802 | Last: 0.902543ms | Avg: 0.288229ms | Min: 0.000174ms | Max: 3.07201ms
[Uint64(1782831390743897566)] [INFO] Zone: Bake: Carve CPU | Runs: 118 | Last: 0.099334ms | Avg: 0.512444ms | Min: 0.035369ms | Max: 1.75318ms
[Uint64(1782831390743968720)] [INFO] Zone: Bake: Compute Lighting | Runs: 34 | Last: 8.52594ms | Avg: 5.98072ms | Min: 3.46215ms | Max: 13.7173ms
[Uint64(1782831390744032319)] [INFO] Zone: Bake: GPU Upload | Runs: 34 | Last: 0.054683ms | Avg: 0.105918ms | Min: 0.030265ms | Max: 0.990818ms
[Uint64(1782831390744095569)] [INFO] Zone: Bake: Pack & Copy | Runs: 34 | Last: 0.249215ms | Avg: 0.313433ms | Min: 0.121619ms | Max: 1.05197ms
[Uint64(1782831390744155573)] [INFO] ----------------------------------

[Uint64(1782831644911746013)] [INFO] === Engine Started / Diagnostics Initialized ===
[Uint64(1782831702623680441)] [INFO] --- PERFORMANCE PROFILE REPORT ---

[Uint64(1782831702623814172)] [INFO] Zone: Input Handling | Runs: 368 | Last: 0.206476ms | Avg: 0.237985ms | Min: 0.062465ms | Max: 2.28993ms
[Uint64(1782831702623897895)] [INFO] Zone: Physics Simulation | Runs: 368 | Last: 2.44876ms | Avg: 11.403ms | Min: 0.000542ms | Max: 32.2516ms
[Uint64(1782831702623963111)] [INFO] Zone: ECS Lifecycle | Runs: 368 | Last: 0.039437ms | Avg: 0.063834ms | Min: 0.013595ms | Max: 0.12988ms
[Uint64(1782831702624025311)] [INFO] Zone: Field DB Sync | Runs: 368 | Last: 0.089405ms | Avg: 0.21544ms | Min: 0.030922ms | Max: 0.625908ms
[Uint64(1782831702624087807)] [INFO] Zone: Sync: Pack Uniforms | Runs: 368 | Last: 0.002307ms | Avg: 0.002097ms | Min: 0.000656ms | Max: 0.020182ms
[Uint64(1782831702624150852)] [INFO] Zone: Sync: Pack CSG Instances | Runs: 368 | Last: 0.011159ms | Avg: 0.017692ms | Min: 0.003577ms | Max: 0.068418ms
[Uint64(1782831702624230368)] [INFO] Zone: Sync: Update Voxel Chunks | Runs: 368 | Last: 0.000466ms | Avg: 8.7623ms | Min: 0.000161ms | Max: 34.3735ms
[Uint64(1782831702624299743)] [INFO] Zone: Sync: Build Chunk Lookup | Runs: 368 | Last: 2.73291ms | Avg: 1.88915ms | Min: 0.671961ms | Max: 4.15911ms
[Uint64(1782831702624378025)] [INFO] Zone: Sync: Bake Voxels | Runs: 368 | Last: 0.000688ms | Avg: 7.49095ms | Min: 9.8e-05ms | Max: 2359.71ms
[Uint64(1782831702624440446)] [INFO] Zone: Sync: Flatten Spatial Grid | Runs: 368 | Last: 1.71045ms | Avg: 1.14558ms | Min: 0.423279ms | Max: 3.58903ms
[Uint64(1782831702624511603)] [INFO] Zone: Render Submit & Sync | Runs: 368 | Last: 4.94003ms | Avg: 19.8608ms | Min: 1.57835ms | Max: 2377.44ms
[Uint64(1782831702624632115)] [INFO] Zone: Total Frame Time | Runs: 368 | Last: 7.7545ms | Avg: 31.8085ms | Min: 2.50415ms | Max: 2377.65ms
[Uint64(1782831702624704740)] [INFO] Zone: Phys: Forces & Integrator | Runs: 1416 | Last: 0.104058ms | Avg: 0.716318ms | Min: 0.033917ms | Max: 4.70892ms
[Uint64(1782831702624770508)] [INFO] Zone: Phys: Spatial Grid Rebuild | Runs: 1416 | Last: 0.120462ms | Avg: 0.194899ms | Min: 0.038375ms | Max: 2.10921ms
[Uint64(1782831702624842163)] [INFO] Zone: Phys: Collision Detection | Runs: 1416 | Last: 0.178862ms | Avg: 1.97019ms | Min: 0.057755ms | Max: 10.2362ms
[Uint64(1782831702624911714)] [INFO] Zone: Phys: Constraint Solver | Runs: 1416 | Last: 0.159599ms | Avg: 0.065035ms | Min: 0.000207ms | Max: 2.14796ms
[Uint64(1782831702624981593)] [INFO] Zone: Bake: Carve CPU | Runs: 146 | Last: 0.032328ms | Avg: 0.365767ms | Min: 0.015898ms | Max: 1.35861ms
[Uint64(1782831702625053413)] [INFO] Zone: Bake: Compute Lighting | Runs: 48 | Last: 6.01057ms | Avg: 6.75155ms | Min: 3.28795ms | Max: 17.2121ms
[Uint64(1782831702625125609)] [INFO] Zone: Bake: GPU Upload | Runs: 48 | Last: 0.031421ms | Avg: 0.064631ms | Min: 0.028253ms | Max: 0.665693ms
[Uint64(1782831702625195614)] [INFO] Zone: Bake: Pack & Copy | Runs: 48 | Last: 0.14143ms | Avg: 0.30778ms | Min: 0.117ms | Max: 1.4898ms
[Uint64(1782831702625256715)] [INFO] ----------------------------------

[Uint64(1782831840417220009)] [INFO] === Engine Started / Diagnostics Initialized ===
[Uint64(1782831925708672186)] [INFO] --- PERFORMANCE PROFILE REPORT ---

[Uint64(1782831925708755195)] [INFO] Zone: Input Handling | Runs: 1424 | Last: 0.136677ms | Avg: 0.178817ms | Min: 0.051716ms | Max: 4.68773ms
[Uint64(1782831925708801987)] [INFO] Zone: Physics Simulation | Runs: 1424 | Last: 1.36143ms | Avg: 4.30741ms | Min: 0.000252ms | Max: 24.9247ms
[Uint64(1782831925708840338)] [INFO] Zone: ECS Lifecycle | Runs: 1424 | Last: 0.021973ms | Avg: 0.038312ms | Min: 0.009791ms | Max: 0.147727ms
[Uint64(1782831925708875615)] [INFO] Zone: Field DB Sync | Runs: 1424 | Last: 0.051106ms | Avg: 0.107559ms | Min: 0.022291ms | Max: 0.390562ms
[Uint64(1782831925708912079)] [INFO] Zone: Sync: Pack Uniforms | Runs: 1424 | Last: 0.001387ms | Avg: 0.001749ms | Min: 0.000558ms | Max: 0.020015ms
[Uint64(1782831925708960544)] [INFO] Zone: Sync: Pack CSG Instances | Runs: 1424 | Last: 0.006134ms | Avg: 0.010292ms | Min: 0.002592ms | Max: 0.069107ms
[Uint64(1782831925709000144)] [INFO] Zone: Sync: Update Voxel Chunks | Runs: 1424 | Last: 3.29706ms | Avg: 10.4496ms | Min: 1.48344ms | Max: 80.5899ms
[Uint64(1782831925709033546)] [INFO] Zone: Sync: Build Chunk Lookup | Runs: 1424 | Last: 1.50997ms | Avg: 1.75773ms | Min: 0.657009ms | Max: 5.89201ms
[Uint64(1782831925709068221)] [INFO] Zone: Sync: Bake Voxels | Runs: 1424 | Last: 0.000403ms | Avg: 1.89211ms | Min: 0.0001ms | Max: 2388.6ms
[Uint64(1782831925709102732)] [INFO] Zone: Sync: Flatten Spatial Grid | Runs: 1424 | Last: 0.923921ms | Avg: 1.09473ms | Min: 0.412005ms | Max: 3.71902ms
[Uint64(1782831925709138774)] [INFO] Zone: Render Submit & Sync | Runs: 1424 | Last: 6.01403ms | Avg: 15.5964ms | Min: 2.81412ms | Max: 2402.57ms
[Uint64(1782831925709173984)] [INFO] Zone: Total Frame Time | Runs: 1424 | Last: 7.60602ms | Avg: 20.2511ms | Min: 3.24579ms | Max: 2402.78ms
[Uint64(1782831925709209428)] [INFO] Zone: Phys: Forces & Integrator | Runs: 5072 | Last: 0.05776ms | Avg: 0.253802ms | Min: 0.027808ms | Max: 4.79451ms
[Uint64(1782831925709244256)] [INFO] Zone: Phys: Spatial Grid Rebuild | Runs: 5072 | Last: 0.066627ms | Avg: 0.121374ms | Min: 0.032168ms | Max: 3.14497ms
[Uint64(1782831925709278102)] [INFO] Zone: Phys: Collision Detection | Runs: 5072 | Last: 0.099066ms | Avg: 0.705566ms | Min: 0.048509ms | Max: 5.467ms
[Uint64(1782831925709311310)] [INFO] Zone: Phys: Constraint Solver | Runs: 5072 | Last: 0.086957ms | Avg: 0.114499ms | Min: 0.000165ms | Max: 3.10768ms
[Uint64(1782831925709345381)] [INFO] Zone: Bake: Carve CPU | Runs: 83 | Last: 0.181007ms | Avg: 0.481488ms | Min: 0.045172ms | Max: 1.6405ms
[Uint64(1782831925709385066)] [INFO] Zone: Bake: Compute Lighting | Runs: 34 | Last: 3.57487ms | Avg: 7.11079ms | Min: 3.09783ms | Max: 14.6453ms
[Uint64(1782831925709424671)] [INFO] Zone: Bake: GPU Upload | Runs: 34 | Last: 0.027895ms | Avg: 0.198344ms | Min: 0.027895ms | Max: 1.01084ms
[Uint64(1782831925709458174)] [INFO] Zone: Bake: Pack & Copy | Runs: 34 | Last: 0.126915ms | Avg: 0.389036ms | Min: 0.126915ms | Max: 1.46444ms
[Uint64(1782831925709484944)] [INFO] ----------------------------------

[Uint64(1782832067080542658)] [INFO] === Engine Started / Diagnostics Initialized ===
[Uint64(1782832129954173906)] [INFO] --- PERFORMANCE PROFILE REPORT ---

[Uint64(1782832129954325500)] [INFO] Zone: Input Handling | Runs: 755 | Last: 0.087543ms | Avg: 0.194647ms | Min: 0.05276ms | Max: 1.03313ms
[Uint64(1782832129954407386)] [INFO] Zone: Physics Simulation | Runs: 755 | Last: 2.91142ms | Avg: 8.54083ms | Min: 0.000397ms | Max: 24.7295ms
[Uint64(1782832129954474983)] [INFO] Zone: ECS Lifecycle | Runs: 755 | Last: 0.020427ms | Avg: 0.059306ms | Min: 0.014513ms | Max: 3.06672ms
[Uint64(1782832129954543392)] [INFO] Zone: Field DB Sync | Runs: 755 | Last: 0.058879ms | Avg: 0.184706ms | Min: 0.044995ms | Max: 2.58017ms
[Uint64(1782832129954636954)] [INFO] Zone: Sync: Pack Uniforms | Runs: 755 | Last: 0.001311ms | Avg: 0.002077ms | Min: 0.000584ms | Max: 0.020278ms
[Uint64(1782832129954706821)] [INFO] Zone: Sync: Pack CSG Instances | Runs: 755 | Last: 0.004938ms | Avg: 0.014517ms | Min: 0.00396ms | Max: 0.079209ms
[Uint64(1782832129954775823)] [INFO] Zone: Sync: Update Voxel Chunks | Runs: 755 | Last: 2.01827ms | Avg: 11.0164ms | Min: 1.47326ms | Max: 54.6281ms
[Uint64(1782832129954841884)] [INFO] Zone: Sync: Build Chunk Lookup | Runs: 755 | Last: 0.918576ms | Avg: 1.85259ms | Min: 0.652433ms | Max: 4.05621ms
[Uint64(1782832129954909642)] [INFO] Zone: Sync: Bake Voxels | Runs: 755 | Last: 0.000285ms | Avg: 3.15121ms | Min: 0.0001ms | Max: 2378.77ms
[Uint64(1782832129954972184)] [INFO] Zone: Sync: Flatten Spatial Grid | Runs: 755 | Last: 0.575562ms | Avg: 1.14032ms | Min: 0.420052ms | Max: 3.61783ms
[Uint64(1782832129955045364)] [INFO] Zone: Render Submit & Sync | Runs: 755 | Last: 3.70921ms | Avg: 17.6606ms | Min: 2.80497ms | Max: 2393.01ms
[Uint64(1782832129955112561)] [INFO] Zone: Total Frame Time | Runs: 755 | Last: 6.80039ms | Avg: 26.6657ms | Min: 3.95145ms | Max: 2393.22ms
[Uint64(1782832129955193811)] [INFO] Zone: Phys: Forces & Integrator | Runs: 2880 | Last: 0.091336ms | Avg: 0.448987ms | Min: 0.069174ms | Max: 3.61944ms
[Uint64(1782832129955254434)] [INFO] Zone: Phys: Spatial Grid Rebuild | Runs: 2880 | Last: 0.057805ms | Avg: 0.170935ms | Min: 0.046382ms | Max: 3.12955ms
[Uint64(1782832129955321738)] [INFO] Zone: Phys: Collision Detection | Runs: 2880 | Last: 0.289591ms | Avg: 1.23291ms | Min: 0.171172ms | Max: 11.5247ms
[Uint64(1782832129955379353)] [INFO] Zone: Phys: Constraint Solver | Runs: 2880 | Last: 0.258925ms | Avg: 0.370826ms | Min: 0.000197ms | Max: 4.81786ms
[Uint64(1782832129955425630)] [INFO] ----------------------------------

[Uint64(1782832131061330558)] [INFO] --- PERFORMANCE PROFILE REPORT ---

[Uint64(1782832131061384928)] [INFO] Zone: Input Handling | Runs: 772 | Last: 0.145061ms | Avg: 0.197237ms | Min: 0.05276ms | Max: 1.54698ms
[Uint64(1782832131061412924)] [INFO] Zone: Physics Simulation | Runs: 772 | Last: 4.74067ms | Avg: 8.52573ms | Min: 0.000397ms | Max: 24.7295ms
[Uint64(1782832131061435948)] [INFO] Zone: ECS Lifecycle | Runs: 772 | Last: 0.028553ms | Avg: 0.05922ms | Min: 0.014513ms | Max: 3.06672ms
[Uint64(1782832131061457962)] [INFO] Zone: Field DB Sync | Runs: 772 | Last: 0.083621ms | Avg: 0.184167ms | Min: 0.044995ms | Max: 2.58017ms
[Uint64(1782832131061480062)] [INFO] Zone: Sync: Pack Uniforms | Runs: 772 | Last: 0.001123ms | Avg: 0.002083ms | Min: 0.000584ms | Max: 0.020278ms
[Uint64(1782832131061501952)] [INFO] Zone: Sync: Pack CSG Instances | Runs: 772 | Last: 0.007325ms | Avg: 0.014493ms | Min: 0.00396ms | Max: 0.079209ms
[Uint64(1782832131061526232)] [INFO] Zone: Sync: Update Voxel Chunks | Runs: 772 | Last: 7.19078ms | Avg: 11.1255ms | Min: 1.47326ms | Max: 54.6281ms
[Uint64(1782832131061547819)] [INFO] Zone: Sync: Build Chunk Lookup | Runs: 772 | Last: 0.952206ms | Avg: 1.86075ms | Min: 0.652433ms | Max: 4.05621ms
[Uint64(1782832131061583871)] [INFO] Zone: Sync: Bake Voxels | Runs: 772 | Last: 0.000193ms | Avg: 3.08183ms | Min: 0.0001ms | Max: 2378.77ms
[Uint64(1782832131061606176)] [INFO] Zone: Sync: Flatten Spatial Grid | Runs: 772 | Last: 0.593616ms | Avg: 1.1451ms | Min: 0.420052ms | Max: 3.61783ms
[Uint64(1782832131061632666)] [INFO] Zone: Render Submit & Sync | Runs: 772 | Last: 8.9153ms | Avg: 17.7091ms | Min: 2.80497ms | Max: 2393.01ms
[Uint64(1782832131061656075)] [INFO] Zone: Total Frame Time | Runs: 772 | Last: 13.9283ms | Avg: 26.7011ms | Min: 3.95145ms | Max: 2393.22ms
[Uint64(1782832131061677246)] [INFO] Zone: Phys: Forces & Integrator | Runs: 2947 | Last: 0.139161ms | Avg: 0.44493ms | Min: 0.069174ms | Max: 3.61944ms
[Uint64(1782832131061699802)] [INFO] Zone: Phys: Spatial Grid Rebuild | Runs: 2947 | Last: 0.087369ms | Avg: 0.170833ms | Min: 0.046382ms | Max: 3.12955ms
[Uint64(1782832131061721690)] [INFO] Zone: Phys: Collision Detection | Runs: 2947 | Last: 0.445387ms | Avg: 1.22361ms | Min: 0.171172ms | Max: 11.5247ms
[Uint64(1782832131061742831)] [INFO] Zone: Phys: Constraint Solver | Runs: 2947 | Last: 0.384781ms | Avg: 0.378602ms | Min: 0.000197ms | Max: 4.81786ms
[Uint64(1782832131061759819)] [INFO] ----------------------------------

[Uint64(1782832176495643283)] [INFO] --- PERFORMANCE PROFILE REPORT ---

[Uint64(1782832176495702509)] [INFO] Zone: Input Handling | Runs: 1408 | Last: 0.096046ms | Avg: 0.199305ms | Min: 0.05276ms | Max: 1.54698ms
[Uint64(1782832176495734638)] [INFO] Zone: Physics Simulation | Runs: 1408 | Last: 3.21712ms | Avg: 7.94573ms | Min: 0.000397ms | Max: 24.7295ms
[Uint64(1782832176495759820)] [INFO] Zone: ECS Lifecycle | Runs: 1408 | Last: 0.020596ms | Avg: 0.055574ms | Min: 0.014513ms | Max: 3.06672ms
[Uint64(1782832176495782976)] [INFO] Zone: Field DB Sync | Runs: 1408 | Last: 0.061559ms | Avg: 0.163459ms | Min: 0.043466ms | Max: 2.58017ms
[Uint64(1782832176495805861)] [INFO] Zone: Sync: Pack Uniforms | Runs: 1408 | Last: 0.000954ms | Avg: 0.002137ms | Min: 0.000584ms | Max: 0.024636ms
[Uint64(1782832176495838726)] [INFO] Zone: Sync: Pack CSG Instances | Runs: 1408 | Last: 0.005231ms | Avg: 0.013458ms | Min: 0.003764ms | Max: 0.079209ms
[Uint64(1782832176495864986)] [INFO] Zone: Sync: Update Voxel Chunks | Runs: 1408 | Last: 4.8436ms | Avg: 11.3346ms | Min: 1.47326ms | Max: 73.1366ms
[Uint64(1782832176495886841)] [INFO] Zone: Sync: Build Chunk Lookup | Runs: 1408 | Last: 1.00656ms | Avg: 1.96217ms | Min: 0.652433ms | Max: 5.91415ms
[Uint64(1782832176495910837)] [INFO] Zone: Sync: Bake Voxels | Runs: 1408 | Last: 0.000362ms | Avg: 1.69005ms | Min: 0.0001ms | Max: 2378.77ms
[Uint64(1782832176495932941)] [INFO] Zone: Sync: Flatten Spatial Grid | Runs: 1408 | Last: 0.624999ms | Avg: 1.20311ms | Min: 0.420052ms | Max: 3.64484ms
[Uint64(1782832176495955647)] [INFO] Zone: Render Submit & Sync | Runs: 1408 | Last: 6.68393ms | Avg: 16.6767ms | Min: 2.80497ms | Max: 2393.01ms
[Uint64(1782832176495980482)] [INFO] Zone: Total Frame Time | Runs: 1408 | Last: 10.0922ms | Avg: 25.0665ms | Min: 3.95145ms | Max: 2393.22ms
[Uint64(1782832176496002694)] [INFO] Zone: Phys: Forces & Integrator | Runs: 5408 | Last: 0.099628ms | Avg: 0.354053ms | Min: 0.069174ms | Max: 3.61944ms
[Uint64(1782832176496023867)] [INFO] Zone: Phys: Spatial Grid Rebuild | Runs: 5408 | Last: 0.062637ms | Avg: 0.164025ms | Min: 0.045439ms | Max: 4.17897ms
[Uint64(1782832176496046647)] [INFO] Zone: Phys: Collision Detection | Runs: 5408 | Last: 0.33618ms | Avg: 1.01237ms | Min: 0.171172ms | Max: 11.5247ms
[Uint64(1782832176496068471)] [INFO] Zone: Phys: Constraint Solver | Runs: 5408 | Last: 0.290517ms | Avg: 0.522124ms | Min: 0.000197ms | Max: 4.81786ms
[Uint64(1782832176496086265)] [INFO] ----------------------------------

[Uint64(1782834386258964770)] [INFO] === Engine Started / Diagnostics Initialized ===
[Uint64(1782834510273823145)] [INFO] --- PERFORMANCE PROFILE REPORT ---

[Uint64(1782834510273973488)] [INFO] Zone: Input Handling | Runs: 1436 | Last: 0.25416ms | Avg: 0.218889ms | Min: 0.067289ms | Max: 2.37735ms
[Uint64(1782834510274057766)] [INFO] Zone: Physics Simulation | Runs: 1436 | Last: 3.58582ms | Avg: 5.03028ms | Min: 0.000764ms | Max: 28.9984ms
[Uint64(1782834510274172764)] [INFO] Zone: ECS Lifecycle | Runs: 1436 | Last: 0.040937ms | Avg: 0.0459ms | Min: 0.011065ms | Max: 1.39703ms
[Uint64(1782834510274243438)] [INFO] Zone: Field DB Sync | Runs: 1436 | Last: 0.106181ms | Avg: 0.126033ms | Min: 0.0297ms | Max: 0.392535ms
[Uint64(1782834510274309219)] [INFO] Zone: Sync: Pack Uniforms | Runs: 1436 | Last: 0.002305ms | Avg: 0.001989ms | Min: 0.000542ms | Max: 0.003367ms
[Uint64(1782834510274375409)] [INFO] Zone: Sync: Pack CSG Instances | Runs: 1436 | Last: 0.011606ms | Avg: 0.01268ms | Min: 0.00326ms | Max: 0.080151ms
[Uint64(1782834510274442858)] [INFO] Zone: Sync: Update Voxel Chunks | Runs: 1436 | Last: 6.0285ms | Avg: 11.7183ms | Min: 1.47932ms | Max: 60.2634ms
[Uint64(1782834510274502744)] [INFO] Zone: Sync: Build Chunk Lookup | Runs: 1436 | Last: 2.70072ms | Avg: 2.23774ms | Min: 0.674023ms | Max: 5.89856ms
[Uint64(1782834510274583694)] [INFO] Zone: Sync: Bake Voxels | Runs: 1436 | Last: 0.000752ms | Avg: 1.69165ms | Min: 0.000138ms | Max: 2428.11ms
[Uint64(1782834510274647565)] [INFO] Zone: Sync: Flatten Spatial Grid | Runs: 1436 | Last: 1.68982ms | Avg: 1.40385ms | Min: 0.426435ms | Max: 3.84494ms
[Uint64(1782834510274714521)] [INFO] Zone: Render Submit & Sync | Runs: 1436 | Last: 10.9306ms | Avg: 17.54ms | Min: 2.80603ms | Max: 2458.93ms
[Uint64(1782834510274786249)] [INFO] Zone: Total Frame Time | Runs: 1436 | Last: 14.9599ms | Avg: 22.9982ms | Min: 4.20089ms | Max: 2459.15ms
[Uint64(1782834510274851600)] [INFO] Zone: Phys: Forces & Integrator | Runs: 5548 | Last: 0.133093ms | Avg: 0.271055ms | Min: 0.033941ms | Max: 4.3859ms
[Uint64(1782834510274912413)] [INFO] Zone: Phys: Spatial Grid Rebuild | Runs: 5548 | Last: 0.127352ms | Avg: 0.141991ms | Min: 0.035741ms | Max: 3.35427ms
[Uint64(1782834510274974730)] [INFO] Zone: Phys: Collision Detection | Runs: 5548 | Last: 0.340198ms | Avg: 0.716395ms | Min: 0.059389ms | Max: 4.90241ms
[Uint64(1782834510275059171)] [INFO] Zone: Phys: Constraint Solver | Runs: 5548 | Last: 0.198705ms | Avg: 0.156787ms | Min: 0.00019ms | Max: 3.11017ms
[Uint64(1782834510275111803)] [INFO] ----------------------------------

[Uint64(1782834569420312885)] [INFO] --- PERFORMANCE PROFILE REPORT ---

[Uint64(1782834569420449120)] [INFO] Zone: Input Handling | Runs: 2253 | Last: 0.085255ms | Avg: 0.215025ms | Min: 0.057759ms | Max: 2.41001ms
[Uint64(1782834569420531597)] [INFO] Zone: Physics Simulation | Runs: 2253 | Last: 1.11332ms | Avg: 4.1249ms | Min: 0.000764ms | Max: 28.9984ms
[Uint64(1782834569420623396)] [INFO] Zone: ECS Lifecycle | Runs: 2253 | Last: 0.015262ms | Avg: 0.04244ms | Min: 0.009454ms | Max: 1.39703ms
[Uint64(1782834569420685532)] [INFO] Zone: Field DB Sync | Runs: 2253 | Last: 0.039264ms | Avg: 0.11346ms | Min: 0.021156ms | Max: 0.392535ms
[Uint64(1782834569420745881)] [INFO] Zone: Sync: Pack Uniforms | Runs: 2253 | Last: 0.000865ms | Avg: 0.002ms | Min: 0.000542ms | Max: 0.024887ms
[Uint64(1782834569420812623)] [INFO] Zone: Sync: Pack CSG Instances | Runs: 2253 | Last: 0.004255ms | Avg: 0.011669ms | Min: 0.002607ms | Max: 0.080151ms
[Uint64(1782834569420885529)] [INFO] Zone: Sync: Update Voxel Chunks | Runs: 2253 | Last: 5.31828ms | Avg: 11.7566ms | Min: 1.47932ms | Max: 127.654ms
[Uint64(1782834569420946987)] [INFO] Zone: Sync: Build Chunk Lookup | Runs: 2253 | Last: 0.849141ms | Avg: 2.24183ms | Min: 0.672658ms | Max: 5.89856ms
[Uint64(1782834569421015198)] [INFO] Zone: Sync: Bake Voxels | Runs: 2253 | Last: 0.000268ms | Avg: 1.07849ms | Min: 0.000125ms | Max: 2428.11ms
[Uint64(1782834569421076987)] [INFO] Zone: Sync: Flatten Spatial Grid | Runs: 2253 | Last: 0.517694ms | Avg: 1.39754ms | Min: 0.410446ms | Max: 4.73272ms
[Uint64(1782834569421144935)] [INFO] Zone: Render Submit & Sync | Runs: 2253 | Last: 6.81383ms | Avg: 16.8907ms | Min: 2.80136ms | Max: 2458.93ms
[Uint64(1782834569421207619)] [INFO] Zone: Total Frame Time | Runs: 2253 | Last: 8.08251ms | Avg: 21.4237ms | Min: 3.25213ms | Max: 2459.15ms
[Uint64(1782834569421268994)] [INFO] Zone: Phys: Forces & Integrator | Runs: 8543 | Last: 0.048971ms | Avg: 0.222268ms | Min: 0.027687ms | Max: 4.3859ms
[Uint64(1782834569421332086)] [INFO] Zone: Phys: Spatial Grid Rebuild | Runs: 8543 | Last: 0.046899ms | Avg: 0.135654ms | Min: 0.030203ms | Max: 3.35427ms
[Uint64(1782834569421393453)] [INFO] Zone: Phys: Collision Detection | Runs: 8543 | Last: 0.094045ms | Avg: 0.550159ms | Min: 0.054096ms | Max: 4.90241ms
[Uint64(1782834569421453170)] [INFO] Zone: Phys: Constraint Solver | Runs: 8543 | Last: 0.071342ms | Avg: 0.16409ms | Min: 0.00019ms | Max: 3.23638ms
[Uint64(1782834569421503919)] [INFO] ----------------------------------

[Uint64(1782834587240816868)] [INFO] --- PERFORMANCE PROFILE REPORT ---

[Uint64(1782834587240946938)] [INFO] Zone: Input Handling | Runs: 2490 | Last: 0.228774ms | Avg: 0.214709ms | Min: 0.057759ms | Max: 2.41001ms
[Uint64(1782834587241028256)] [INFO] Zone: Physics Simulation | Runs: 2490 | Last: 3.30936ms | Avg: 3.99443ms | Min: 0.000764ms | Max: 28.9984ms
[Uint64(1782834587241096117)] [INFO] Zone: ECS Lifecycle | Runs: 2490 | Last: 0.04857ms | Avg: 0.042698ms | Min: 0.009454ms | Max: 1.58668ms
[Uint64(1782834587241161893)] [INFO] Zone: Field DB Sync | Runs: 2490 | Last: 0.117403ms | Avg: 0.112026ms | Min: 0.021156ms | Max: 0.392535ms
[Uint64(1782834587241224375)] [INFO] Zone: Sync: Pack Uniforms | Runs: 2490 | Last: 0.002863ms | Avg: 0.002007ms | Min: 0.000542ms | Max: 0.024887ms
[Uint64(1782834587241286118)] [INFO] Zone: Sync: Pack CSG Instances | Runs: 2490 | Last: 0.012689ms | Avg: 0.011614ms | Min: 0.002607ms | Max: 0.080151ms
[Uint64(1782834587241352593)] [INFO] Zone: Sync: Update Voxel Chunks | Runs: 2490 | Last: 6.03095ms | Avg: 11.8106ms | Min: 1.47932ms | Max: 127.654ms
[Uint64(1782834587241418534)] [INFO] Zone: Sync: Build Chunk Lookup | Runs: 2490 | Last: 2.76352ms | Avg: 2.25798ms | Min: 0.672658ms | Max: 5.89856ms
[Uint64(1782834587241488870)] [INFO] Zone: Sync: Bake Voxels | Runs: 2490 | Last: 0.001046ms | Avg: 0.975909ms | Min: 0.000125ms | Max: 2428.11ms
[Uint64(1782834587241592846)] [INFO] Zone: Sync: Flatten Spatial Grid | Runs: 2490 | Last: 1.70389ms | Avg: 1.40299ms | Min: 0.410446ms | Max: 4.73272ms
[Uint64(1782834587241664384)] [INFO] Zone: Render Submit & Sync | Runs: 2490 | Last: 11.0286ms | Avg: 16.868ms | Min: 2.80136ms | Max: 2458.93ms
[Uint64(1782834587241728762)] [INFO] Zone: Total Frame Time | Runs: 2490 | Last: 14.784ms | Avg: 21.2693ms | Min: 3.25213ms | Max: 2459.15ms
[Uint64(1782834587241788991)] [INFO] Zone: Phys: Forces & Integrator | Runs: 9447 | Last: 0.144767ms | Avg: 0.214088ms | Min: 0.027687ms | Max: 4.3859ms
[Uint64(1782834587241853022)] [INFO] Zone: Phys: Spatial Grid Rebuild | Runs: 9447 | Last: 0.133321ms | Avg: 0.134724ms | Min: 0.030203ms | Max: 3.35427ms
[Uint64(1782834587241911758)] [INFO] Zone: Phys: Collision Detection | Runs: 9447 | Last: 0.266431ms | Avg: 0.521351ms | Min: 0.054096ms | Max: 4.90241ms
[Uint64(1782834587241968717)] [INFO] Zone: Phys: Constraint Solver | Runs: 9447 | Last: 0.209721ms | Avg: 0.167042ms | Min: 0.00019ms | Max: 3.23638ms
[Uint64(1782834587242015070)] [INFO] ----------------------------------

[Uint64(1782834869552529945)] [INFO] === Engine Started / Diagnostics Initialized ===
[Uint64(1782835017859196991)] [INFO] --- PERFORMANCE PROFILE REPORT ---

[Uint64(1782835017859339500)] [INFO] Zone: Input Handling | Runs: 1900 | Last: 0.213326ms | Avg: 0.224663ms | Min: 0.051073ms | Max: 8.12622ms
[Uint64(1782835017859428889)] [INFO] Zone: Physics Simulation | Runs: 1900 | Last: 1.11826ms | Avg: 3.04995ms | Min: 0.000488ms | Max: 23.2438ms
[Uint64(1782835017859499828)] [INFO] Zone: ECS Lifecycle | Runs: 1900 | Last: 0.034114ms | Avg: 0.039384ms | Min: 0.008437ms | Max: 2.17197ms
[Uint64(1782835017859591655)] [INFO] Zone: Field DB Sync | Runs: 1900 | Last: 0.074392ms | Avg: 0.099694ms | Min: 0.017548ms | Max: 0.366868ms
[Uint64(1782835017859661651)] [INFO] Zone: Sync: Pack Uniforms | Runs: 1900 | Last: 0.002083ms | Avg: 0.001963ms | Min: 0.000532ms | Max: 0.026425ms
[Uint64(1782835017859726753)] [INFO] Zone: Sync: Pack CSG Instances | Runs: 1900 | Last: 0.009721ms | Avg: 0.010932ms | Min: 0.002582ms | Max: 0.063761ms
[Uint64(1782835017859802651)] [INFO] Zone: Sync: Update Voxel Chunks | Runs: 1900 | Last: 8.37778ms | Avg: 12.251ms | Min: 1.50652ms | Max: 119.178ms
[Uint64(1782835017859866867)] [INFO] Zone: Sync: Build Chunk Lookup | Runs: 1900 | Last: 2.75818ms | Avg: 2.22427ms | Min: 0.658033ms | Max: 5.92836ms
[Uint64(1782835017859931475)] [INFO] Zone: Sync: Bake Voxels | Runs: 1900 | Last: 0.000816ms | Avg: 1.43842ms | Min: 0.000155ms | Max: 2415.06ms
[Uint64(1782835017859996160)] [INFO] Zone: Sync: Flatten Spatial Grid | Runs: 1900 | Last: 0.000223ms | Avg: 0.374481ms | Min: 4.8e-05ms | Max: 3.58616ms
[Uint64(1782835017860064433)] [INFO] Zone: Render Submit & Sync | Runs: 1900 | Last: 11.3419ms | Avg: 16.5629ms | Min: 2.30604ms | Max: 2437.13ms
[Uint64(1782835017860131210)] [INFO] Zone: Total Frame Time | Runs: 1900 | Last: 12.8117ms | Avg: 20.0102ms | Min: 2.68301ms | Max: 2437.33ms
[Uint64(1782835017860195118)] [INFO] Zone: Phys: Forces & Integrator | Runs: 7252 | Last: 0.111126ms | Avg: 0.20936ms | Min: 0.022833ms | Max: 4.6402ms
[Uint64(1782835017860257091)] [INFO] Zone: Phys: Spatial Grid Rebuild | Runs: 7252 | Last: 0.112081ms | Avg: 0.125037ms | Min: 0.029385ms | Max: 1.65527ms
[Uint64(1782835017860318112)] [INFO] Zone: Phys: Collision Detection | Runs: 7252 | Last: 0.017458ms | Avg: 0.426796ms | Min: 0.004708ms | Max: 6.41481ms
[Uint64(1782835017860378129)] [INFO] Zone: Phys: Constraint Solver | Runs: 7252 | Last: 0.000545ms | Avg: 0.022763ms | Min: 0.000144ms | Max: 1.64367ms
[Uint64(1782835017860439890)] [INFO] Zone: Bake: Carve CPU | Runs: 134 | Last: 0.155358ms | Avg: 0.194345ms | Min: 0.012369ms | Max: 1.13603ms
[Uint64(1782835017860502367)] [INFO] Zone: Bake: Compute Lighting | Runs: 39 | Last: 5.83723ms | Avg: 6.89786ms | Min: 3.39576ms | Max: 13.3299ms
[Uint64(1782835017860581397)] [INFO] Zone: Bake: GPU Upload | Runs: 39 | Last: 0.031908ms | Avg: 0.144704ms | Min: 0.027674ms | Max: 0.940452ms
[Uint64(1782835017860666227)] [INFO] Zone: Bake: Pack & Copy | Runs: 39 | Last: 0.12662ms | Avg: 0.357883ms | Min: 0.12108ms | Max: 1.83186ms
[Uint64(1782835017860718031)] [INFO] ----------------------------------

[Uint64(1782835348384561955)] [INFO] === Engine Started / Diagnostics Initialized ===
[Uint64(1782835599338010900)] [INFO] --- PERFORMANCE PROFILE REPORT ---

[Uint64(1782835599338153326)] [INFO] Zone: Input Handling | Runs: 3288 | Last: 0.243871ms | Avg: 0.217935ms | Min: 0.052501ms | Max: 9.3075ms
[Uint64(1782835599338240453)] [INFO] Zone: Physics Simulation | Runs: 3288 | Last: 6.50338ms | Avg: 6.10461ms | Min: 0.000454ms | Max: 24.1332ms
[Uint64(1782835599338310418)] [INFO] Zone: ECS Lifecycle | Runs: 3288 | Last: 0.052235ms | Avg: 0.046448ms | Min: 0.011802ms | Max: 0.251816ms
[Uint64(1782835599338372695)] [INFO] Zone: Field DB Sync | Runs: 3288 | Last: 0.148346ms | Avg: 0.142803ms | Min: 0.036008ms | Max: 3.13978ms
[Uint64(1782835599338435330)] [INFO] Zone: Sync: Pack Uniforms | Runs: 3288 | Last: 0.002493ms | Avg: 0.002035ms | Min: 0.000552ms | Max: 0.025754ms
[Uint64(1782835599338496821)] [INFO] Zone: Sync: Pack CSG Instances | Runs: 3288 | Last: 0.014603ms | Avg: 0.013627ms | Min: 0.003528ms | Max: 0.085001ms
[Uint64(1782835599338599721)] [INFO] Zone: Sync: Update Voxel Chunks | Runs: 3288 | Last: 6.04515ms | Avg: 11.0242ms | Min: 1.48411ms | Max: 198.583ms
[Uint64(1782835599338668948)] [INFO] Zone: Sync: Build Chunk Lookup | Runs: 3288 | Last: 2.87408ms | Avg: 2.24268ms | Min: 0.652278ms | Max: 5.92902ms
[Uint64(1782835599338733692)] [INFO] Zone: Sync: Bake Voxels | Runs: 3288 | Last: 0.00147ms | Avg: 0.789229ms | Min: 0.000138ms | Max: 2450.2ms
[Uint64(1782835599338793942)] [INFO] Zone: Sync: Flatten Spatial Grid | Runs: 3288 | Last: 1.75528ms | Avg: 1.3801ms | Min: 0.414231ms | Max: 4.79131ms
[Uint64(1782835599338859398)] [INFO] Zone: Render Submit & Sync | Runs: 3288 | Last: 11.2426ms | Avg: 15.9354ms | Min: 2.8142ms | Max: 2472.85ms
[Uint64(1782835599338926020)] [INFO] Zone: Total Frame Time | Runs: 3288 | Last: 18.237ms | Avg: 22.488ms | Min: 4.28148ms | Max: 2473.74ms
[Uint64(1782835599338986280)] [INFO] Zone: Phys: Forces & Integrator | Runs: 12733 | Last: 0.280902ms | Avg: 0.247864ms | Min: 0.043189ms | Max: 3.49284ms
[Uint64(1782835599339046328)] [INFO] Zone: Phys: Spatial Grid Rebuild | Runs: 12733 | Last: 0.159744ms | Avg: 0.149906ms | Min: 0.038438ms | Max: 3.15767ms
[Uint64(1782835599339106350)] [INFO] Zone: Phys: Collision Detection | Runs: 12733 | Last: 0.615472ms | Avg: 0.714303ms | Min: 0.138172ms | Max: 9.6118ms
[Uint64(1782835599339167736)] [INFO] Zone: Phys: Constraint Solver | Runs: 12733 | Last: 0.545619ms | Avg: 0.447043ms | Min: 0.000149ms | Max: 12.3712ms
[Uint64(1782835599339229552)] [INFO] Zone: Bake: Carve CPU | Runs: 64 | Last: 0.14692ms | Avg: 0.157615ms | Min: 0.007707ms | Max: 1.03916ms
[Uint64(1782835599339292554)] [INFO] Zone: Bake: Compute Lighting | Runs: 20 | Last: 5.60814ms | Avg: 5.90735ms | Min: 3.80821ms | Max: 11.2026ms
[Uint64(1782835599339359023)] [INFO] Zone: Bake: GPU Upload | Runs: 20 | Last: 0.028655ms | Avg: 0.209057ms | Min: 0.028655ms | Max: 0.726629ms
[Uint64(1782835599339419639)] [INFO] Zone: Bake: Pack & Copy | Runs: 20 | Last: 1.14041ms | Avg: 0.461268ms | Min: 0.122911ms | Max: 1.20964ms
[Uint64(1782835599339467468)] [INFO] ----------------------------------

